📋 90 debates encontrados para el estudio.

👉 [1/90] 2B/heterogeneo/q001
     A_qcr: 6.1
     B_rcq: 5.2
     C_cqr: 7.4
     D_qrc: 3.1
👉 [2/90] 2B/heterogeneo/q002
     A_qcr: 0.8
     B_rcq: 2.0
     C_cqr: 1.3
     D_qrc: 1.4
👉 [3/90] 2B/heterogeneo/q003
     A_qcr: 2.7
     B_rcq: 6.1
     C_cqr: 3.2
     D_qrc: 3.8
👉 [4/90] 2B/heterogeneo/q004
     A_qcr: 6.4
     B_rcq: 6.2
     C_cqr: 7.7
     D_qrc: 7.0
👉 [5/90] 2B/heterogeneo/q005
     A_qcr: 4.5
     B_rcq: 3.1
     C_cqr: 4.1
     D_qrc: 3.0
👉 [6/90] 2B/heterogeneo/q006
     A_qcr: 5.0
     B_rcq: 4.1
     C_cqr: 3.3
     D_qrc: 2.9
👉 [7/90] 2B/heterogeneo/q007
     A_qcr: 5.4
     B_rcq: 4.6
     C_cqr: 5.7
     D_qrc: 7.1
👉 [8/90] 2B/heterogeneo/q008
     A_qcr: 3.4
     B_rcq: 4.9
     C_cqr: 4.6
     D_qrc: 3.0
👉 [9/90] 2B/heterogeneo/q009
     A_qcr: 6.5
     B_rcq: 5.0
     C_cqr: 5.9
     D_qrc: 3.8
👉 [10/90] 2B/heterogeneo/q010
     A_qcr: 7.2
     B_rcq: 6.5
     C_cqr: 7.9
     D_qrc: 6.3
👉 [11/90] 2B/homogeneo/q001
     A_qcr: 2.9
     B_rcq: 3.3
     C_cqr: 3.2
     D_qrc: 5.7
👉 [12/90] 2B/homogeneo/q002
     A_qcr: 1.4
     B_rcq: 1.8
     C_cqr: 1.4
     D_qrc: 1.8
👉 [13/90] 2B/homogeneo/q003
     A_qcr: 5.4
     B_rcq: 6.6
     C_cqr: 2.7
     D_qrc: 6.0
👉 [14/90] 2B/homogeneo/q004
     A_qcr: 6.0
     B_rcq: 6.6
     C_cqr: 7.5
     D_qrc: 7.2
👉 [15/90] 2B/homogeneo/q005
     A_qcr: 2.3
     B_rcq: 5.7
     C_cqr: 3.5
     D_qrc: 5.1
👉 [16/90] 2B/homogeneo/q006
     A_qcr: 3.8
     B_rcq: 2.5
     C_cqr: 2.8
     D_qrc: 2.8
👉 [17/90] 2B/homogeneo/q007
     A_qcr: 3.7
     B_rcq: 3.3
     C_cqr: 5.2
     D_qrc: 2.7
👉 [18/90] 2B/homogeneo/q008
     A_qcr: 1.6
     B_rcq: 1.4
     C_cqr: 1.4
     D_qrc: 2.2
👉 [19/90] 2B/homogeneo/q009
     A_qcr: 2.4
     B_rcq: 2.1
     C_cqr: 2.3
     D_qrc: 2.1
👉 [20/90] 2B/homogeneo/q010
     A_qcr: 1.7
     B_rcq: 1.9
     C_cqr: 1.8
     D_qrc: 0.7
👉 [21/90] 2B/individual/q001
     A_qcr: 3.0
     B_rcq: 3.4
     C_cqr: 2.5
     D_qrc: 2.1
👉 [22/90] 2B/individual/q002
     A_qcr: 6.4
     B_rcq: 6.6
     C_cqr: 6.1
     D_qrc: 6.6
👉 [23/90] 2B/individual/q003
     A_qcr: 6.6
     B_rcq: 6.6
     C_cqr: 7.1
     D_qrc: 7.2
👉 [24/90] 2B/individual/q004
     A_qcr: 5.1
     B_rcq: 5.7
     C_cqr: 5.2
     D_qrc: 3.4
👉 [25/90] 2B/individual/q005
     A_qcr: 7.8
     B_rcq: 8.2
     C_cqr: 8.2
     D_qrc: 7.6
👉 [26/90] 2B/individual/q006
     A_qcr: 6.6
     B_rcq: 6.6
     C_cqr: 6.6
     D_qrc: 6.6
👉 [27/90] 2B/individual/q007
     A_qcr: 7.8
     B_rcq: 8.0
     C_cqr: 7.9
     D_qrc: 6.9
👉 [28/90] 2B/individual/q008
     A_qcr: 6.9
     B_rcq: 1.7
     C_cqr: 6.6
     D_qrc: 6.6
👉 [29/90] 2B/individual/q009
     A_qcr: 5.7
     B_rcq: 3.2
     C_cqr: 4.1
     D_qrc: 4.9
👉 [30/90] 2B/individual/q010
     A_qcr: 2.6
     B_rcq: 2.9
     C_cqr: 2.0
     D_qrc: 2.5
👉 [31/90] 70B/heterogeneo/q001
     A_qcr: 5.6
     B_rcq: 6.1
     C_cqr: 6.3
     D_qrc: 5.7
👉 [32/90] 70B/heterogeneo/q002
     A_qcr: 6.7
     B_rcq: 7.3
     C_cqr: 5.8
     D_qrc: 6.8
👉 [33/90] 70B/heterogeneo/q003
     A_qcr: 6.6
     B_rcq: 5.4
     C_cqr: 6.1
     D_qrc: 6.2
👉 [34/90] 70B/heterogeneo/q004
     A_qcr: 6.9
     B_rcq: 6.2
     C_cqr: 6.2
     D_qrc: 6.3
👉 [35/90] 70B/heterogeneo/q005
     A_qcr: 7.6
     B_rcq: 7.6
     C_cqr: 8.1
     D_qrc: 7.2
👉 [36/90] 70B/heterogeneo/q006
     A_qcr: 6.6
     B_rcq: 3.9
     C_cqr: 5.5
     D_qrc: 5.2
👉 [37/90] 70B/heterogeneo/q007
     A_qcr: 6.2
     B_rcq: 6.8
     C_cqr: 7.9
     D_qrc: 6.2
👉 [38/90] 70B/heterogeneo/q008
     A_qcr: 6.6
     B_rcq: 5.4
     C_cqr: 6.0
     D_qrc: 4.3
👉 [39/90] 70B/heterogeneo/q009
     A_qcr: 6.3
     B_rcq: 4.4
     C_cqr: 4.8
     D_qrc: 5.4
👉 [40/90] 70B/heterogeneo/q010
     A_qcr: 3.1
     B_rcq: 4.6
     C_cqr: 2.9
     D_qrc: 2.9
👉 [41/90] 70B/homogeneo/q001
     A_qcr: 0.9
     B_rcq: 3.1
     C_cqr: 1.7
     D_qrc: 1.7
👉 [42/90] 70B/homogeneo/q002
     A_qcr: 2.2
     B_rcq: 2.3
     C_cqr: 1.6
     D_qrc: 2.0
👉 [43/90] 70B/homogeneo/q003
     A_qcr: 2.1
     B_rcq: 2.4
     C_cqr: 1.9
     D_qrc: 1.9
👉 [44/90] 70B/homogeneo/q004
     A_qcr: 7.6
     B_rcq: 6.2
     C_cqr: 6.6
     D_qrc: 6.1
👉 [45/90] 70B/homogeneo/q005
     A_qcr: 7.7
     B_rcq: 7.1
     C_cqr: 3.6
     D_qrc: 2.3
👉 [46/90] 70B/homogeneo/q006
     A_qcr: 5.1
     B_rcq: 4.5
     C_cqr: 3.1
     D_qrc: 5.1
👉 [47/90] 70B/homogeneo/q007
     A_qcr: 5.2
     B_rcq: 5.2
     C_cqr: 4.9
     D_qrc: 4.4
👉 [48/90] 70B/homogeneo/q008
     A_qcr: 6.4
     B_rcq: 6.0
     C_cqr: 6.7
     D_qrc: 5.3
👉 [49/90] 70B/homogeneo/q009
     A_qcr: 4.1
     B_rcq: 4.1
     C_cqr: 5.6
     D_qrc: 5.1
👉 [50/90] 70B/homogeneo/q010
     A_qcr: 3.3
     B_rcq: 2.5
     C_cqr: 2.6
     D_qrc: 1.5
👉 [51/90] 70B/individual/q001
     A_qcr: 5.6
     B_rcq: 5.9
     C_cqr: 6.0
     D_qrc: 4.6
👉 [52/90] 70B/individual/q002
     A_qcr: 5.0
     B_rcq: 5.8
     C_cqr: 4.8
     D_qrc: 2.1
👉 [53/90] 70B/individual/q003
     A_qcr: 4.4
     B_rcq: 3.7
     C_cqr: 2.3
     D_qrc: 4.4
👉 [54/90] 70B/individual/q004
     A_qcr: 7.7
     B_rcq: 8.2
     C_cqr: 7.2
     D_qrc: 6.6
👉 [55/90] 70B/individual/q005
     A_qcr: 7.7
     B_rcq: 8.5
     C_cqr: 7.9
     D_qrc: 7.1
👉 [56/90] 70B/individual/q006
     A_qcr: 2.8
     B_rcq: 2.0
     C_cqr: 3.5
     D_qrc: 2.2
👉 [57/90] 70B/individual/q007
     A_qcr: 7.9
     B_rcq: 6.6
     C_cqr: 8.0
     D_qrc: 7.1
👉 [58/90] 70B/individual/q008
     A_qcr: 5.8
     B_rcq: 6.5
     C_cqr: 4.9
     D_qrc: 5.7
👉 [59/90] 70B/individual/q009
     A_qcr: 4.5
     B_rcq: 4.9
     C_cqr: 4.9
     D_qrc: 5.2
👉 [60/90] 70B/individual/q010
     A_qcr: 5.2
     B_rcq: 6.1
     C_cqr: 6.5
     D_qrc: 2.3
👉 [61/90] 8B/heterogeneo/q001
     A_qcr: 1.9
     B_rcq: 3.9
     C_cqr: 4.1
     D_qrc: 1.4
👉 [62/90] 8B/heterogeneo/q002
     A_qcr: 1.4
     B_rcq: 2.1
     C_cqr: 2.0
     D_qrc: 1.5
👉 [63/90] 8B/heterogeneo/q003
     A_qcr: 1.6
     B_rcq: 1.7
     C_cqr: 0.6
     D_qrc: 0.8
👉 [64/90] 8B/heterogeneo/q004
     A_qcr: 5.1
     B_rcq: 3.0
     C_cqr: 3.1
     D_qrc: 3.6
👉 [65/90] 8B/heterogeneo/q005
     A_qcr: 3.1
     B_rcq: 6.6
     C_cqr: 3.3
     D_qrc: 2.6
👉 [66/90] 8B/heterogeneo/q006
     A_qcr: 4.3
     B_rcq: 4.2
     C_cqr: 2.7
     D_qrc: 3.7
👉 [67/90] 8B/heterogeneo/q007
     A_qcr: 8.4
     B_rcq: 6.4
     C_cqr: 6.6
     D_qrc: 6.6
👉 [68/90] 8B/heterogeneo/q008
     A_qcr: 5.2
     B_rcq: 6.3
     C_cqr: 4.5
     D_qrc: 4.1
👉 [69/90] 8B/heterogeneo/q009
     A_qcr: 4.1
     B_rcq: 6.4
     C_cqr: 5.4
     D_qrc: 6.2
👉 [70/90] 8B/heterogeneo/q010
     A_qcr: 2.3
     B_rcq: 2.4
     C_cqr: 2.3
     D_qrc: 2.3
👉 [71/90] 8B/homogeneo/q001
     A_qcr: 2.2
     B_rcq: 2.3
     C_cqr: 2.1
     D_qrc: 1.8
👉 [72/90] 8B/homogeneo/q002
     A_qcr: 1.6
     B_rcq: 2.0
     C_cqr: 0.4
     D_qrc: 0.4
👉 [73/90] 8B/homogeneo/q003
     A_qcr: 2.3
     B_rcq: 3.9
     C_cqr: 1.8
     D_qrc: 1.8
👉 [74/90] 8B/homogeneo/q004
     A_qcr: 2.0
     B_rcq: 1.7
     C_cqr: 2.5
     D_qrc: 2.1
👉 [75/90] 8B/homogeneo/q005
     A_qcr: 6.3
     B_rcq: 7.0
     C_cqr: 5.5
     D_qrc: 6.5
👉 [76/90] 8B/homogeneo/q006
     A_qcr: 2.4
     B_rcq: 3.1
     C_cqr: 2.0
     D_qrc: 0.8
👉 [77/90] 8B/homogeneo/q007
     A_qcr: 6.5
     B_rcq: 6.4
     C_cqr: 7.2
     D_qrc: 7.0
👉 [78/90] 8B/homogeneo/q008
     A_qcr: 5.9
     B_rcq: 5.1
     C_cqr: 4.9
     D_qrc: 5.6
👉 [79/90] 8B/homogeneo/q009
     A_qcr: 2.6
     B_rcq: 2.6
     C_cqr: 2.6
     D_qrc: 2.9
👉 [80/90] 8B/homogeneo/q010
     A_qcr: 0.7
     B_rcq: 0.8
     C_cqr: 0.7
     D_qrc: 0.8
👉 [81/90] 8B/individual/q001
     A_qcr: 3.0
     B_rcq: 5.5
     C_cqr: 5.0
     D_qrc: 3.7
👉 [82/90] 8B/individual/q002
     A_qcr: 6.2
     B_rcq: 8.2
     C_cqr: 5.3
     D_qrc: 6.1
👉 [83/90] 8B/individual/q003
     A_qcr: 1.7
     B_rcq: 1.9
     C_cqr: 1.7
     D_qrc: 1.6
👉 [84/90] 8B/individual/q004
     A_qcr: 4.1
     B_rcq: 6.0
     C_cqr: 4.7
     D_qrc: 6.2
👉 [85/90] 8B/individual/q005
     A_qcr: 5.7
     B_rcq: 7.9
     C_cqr: 3.8
     D_qrc: 4.7
👉 [86/90] 8B/individual/q006
     A_qcr: 4.0
     B_rcq: 3.2
     C_cqr: 4.0
     D_qrc: 2.9
👉 [87/90] 8B/individual/q007
     A_qcr: 6.4
     B_rcq: 6.8
     C_cqr: 3.7
     D_qrc: 3.7
👉 [88/90] 8B/individual/q008
     A_qcr: 5.4
     B_rcq: 6.8
     C_cqr: 5.4
     D_qrc: 3.4
👉 [89/90] 8B/individual/q009
     A_qcr: 3.8
     B_rcq: 5.4
     C_cqr: 3.5
     D_qrc: 4.2
👉 [90/90] 8B/individual/q010
     A_qcr: 2.0
     B_rcq: 4.2
     C_cqr: 1.8
     D_qrc: 1.7

🎉 Estudio completado.
📄 Resultados: C:\Users\Laura\Desktop\TFG_Laura\judge_order_study_results.csv

=== Media de nota final por orden ===
  A_qcr: media=4.59  n=90
  B_rcq: media=4.77  n=90
  C_cqr: media=4.40  n=90
  D_qrc: media=4.13  n=90

=== Rango medio entre las 4 variantes (por debate) ===
  Media del rango: 1.80
  Máximo rango observado: 5.40
