Cargadas 277 preguntas. Repetición 1. Ejecutando desde q001 hasta q050...

**************************************************
[q001] How does interleaved array element spacing affect coverage patterns and grating lobe suppression in Ka-band satellite links?
**************************************************

**************************************************
[q002] How does the LPF's 25 GHz stopband impact interference mitigation in multi-beam satellite downlink frequency planning?
**************************************************

**************************************************
[q003] What trade-offs exist between the filter's compact size and integration with phased array antennas for satellite coverage optimization?
**************************************************

**************************************************
[q004] How would the 0.25 dB passband loss affect link budget margins in low-noise satellite receiver frontends?
**************************************************

**************************************************
[q005] Can the filter's suppression of 19th harmonics improve transponder power efficiency in dense payload configurations?
**************************************************

**************************************************
[q006] How does the hierarchical classification framework impact satellite link budget margins when prioritizing QoS-sensitive traffic?
**************************************************

**************************************************
[q007] Can satellite orbital configurations optimize ML-based QoS by reducing propagation delays for latency-sensitive traffic classes?
**************************************************

**************************************************
[q008] How does antenna design influence the accuracy of encrypted traffic classification systems in heterogeneous satellite networks?
**************************************************

**************************************************
[q009] What payload transponder allocation strategies balance spectral efficiency with dynamic QoS demands from ML traffic classification?
**************************************************

**************************************************
[q010] How do interference mitigation techniques adapt when handling tunneled versus non-tunneled traffic in multi-beam satellite systems?
**************************************************

**************************************************
[q011] Does the proposed ML framework's feature extraction for encrypted flows require additional power or bandwidth margins in link budgets?
**************************************************

**************************************************
[q012] What beamhopping strategies optimize network efficiency when integrating hierarchical traffic classification for satellite QoS management?
**************************************************

**************************************************
[q013] How does the transceiver's variable gain distribution between RF and baseband impact dynamic range and noise performance trade-offs in different satellite orbital configurations?
**************************************************

**************************************************
[q014] What antenna aperture size trade-offs exist between LEO and GEO satellites when optimizing gain and portability for CMOS-based ground terminals?
**************************************************

**************************************************
[q015] How do distributed satellite constellations impact orbital configuration trade-offs between coverage and inter-satellite interference mitigation?
**************************************************

**************************************************
[q016] What antenna design considerations optimize ground station visibility during short service windows in LEO constellations?
**************************************************

**************************************************
[q017] How are link budgets affected when prioritizing high-revenue services versus navigation safety margins in dynamic scheduling?
**************************************************

**************************************************
[q018] What frequency planning challenges arise when coordinating multiple ground stations with overlapping satellite visibility windows?
**************************************************

**************************************************
[q019] How do on-board storage constraints influence payload power allocation between immediate and time-tagged service prioritization?
**************************************************

**************************************************
[q020] What beam switching strategies minimize setup times while maintaining spectrum efficiency for multi-satellite ground station operations?
**************************************************

**************************************************
[q021] How does transponder allocation balance network efficiency against thermal/power constraints during peak service demand periods?
**************************************************

**************************************************
[q022] What interference mitigation techniques are viable for overlapping service transmissions across geographically dispersed ground stations?
**************************************************

**************************************************
[q023] How does the dual-mode operation of the CTS antenna impact frequency reuse and coverage patterns in Ka-band satellite architectures?
**************************************************

**************************************************
[q024] What are the trade-offs in using additive manufacturing for CTS array fabrication versus traditional methods in terms of deployment cost and scalability?
**************************************************

**************************************************
[q025] How does the 11.6% bandwidth of the CTS antenna influence frequency planning and spectral efficiency for broadband satellite links?
**************************************************

**************************************************
[q026] How does the 45° scan range affect link budget calculations for edge-of-coverage users compared to broadside beams?
**************************************************

**************************************************
[q027] What power allocation trade-offs arise from differing scan losses between quasi-TEM and quasi-TE1 modes for multi-beam satellite systems?
**************************************************

**************************************************
[q028] How does defocused reflector gain loss impact link budget margins for SNR compared to conventional designs?
**************************************************

**************************************************
[q029] What trade-offs exist between reflector aperture size and feed element redundancy in robust antenna design?
**************************************************

**************************************************
[q030] How does defocused feed array placement optimize coverage versus scan loss in DBF architectures?
**************************************************

**************************************************
[q031] Can MVDR beamforming sufficiently compensate for pattern degradation in array-fed reflectors during element failures?
**************************************************

**************************************************
[q032] What feed element spacing balance minimizes dB loss while maintaining beamforming flexibility in defocused systems?
**************************************************

**************************************************
[q033] How do GEO vs LEO satellite orbits affect latency and coverage in hybrid networks for rural substation monitoring?
**************************************************

**************************************************
[q034] What antenna design considerations minimize signal attenuation in high-noise power line environments for reliable PLC integration?
**************************************************