2026-08-20 22:46:33 === Iniciando cola de continuacion hasta 50 ===
2026-08-20 22:46:33 LANZANDO: C:\Users\Laura\Desktop\TFG_Laura\venv\Scripts\python.exe launch_debate.py ../Dataset_Preguntas ./data --size 2B --mode heterogeneo --start 31 --limit 50 --rep 1
2026-08-20 23:12:08   OK: q050 completado.
2026-08-20 23:12:08 LANZANDO: C:\Users\Laura\Desktop\TFG_Laura\venv\Scripts\python.exe launch_debate.py ../Dataset_Preguntas ./data --size 2B --mode heterogeneo --start 31 --limit 50 --rep 2
2026-08-20 23:36:48   OK: q050 completado.
2026-08-20 23:36:48 LANZANDO: C:\Users\Laura\Desktop\TFG_Laura\venv\Scripts\python.exe launch_debate.py ../Dataset_Preguntas ./data --size 2B --mode heterogeneo --start 31 --limit 50 --rep 3
2026-08-21 00:01:07   OK: q050 completado.
2026-08-21 00:01:07 LANZANDO: C:\Users\Laura\Desktop\TFG_Laura\venv\Scripts\python.exe launch_debate.py ../Dataset_Preguntas ./data --size 2B --mode homogeneo --start 31 --limit 50 --rep 1
2026-08-21 00:19:36   OK: q050 completado.
2026-08-21 00:19:36 LANZANDO: C:\Users\Laura\Desktop\TFG_Laura\venv\Scripts\python.exe launch_debate.py ../Dataset_Preguntas ./data --size 2B --mode homogeneo --start 31 --limit 50 --rep 2
2026-08-21 00:38:05   OK: q050 completado.
2026-08-21 00:38:05 LANZANDO: C:\Users\Laura\Desktop\TFG_Laura\venv\Scripts\python.exe launch_debate.py ../Dataset_Preguntas ./data --size 2B --mode homogeneo --start 31 --limit 50 --rep 3
2026-08-21 00:56:04   OK: q050 completado.
2026-08-21 00:56:04 LANZANDO: C:\Users\Laura\Desktop\TFG_Laura\venv\Scripts\python.exe launch_debate.py ../Dataset_Preguntas ./data --size 8B --mode heterogeneo --start 31 --limit 50 --rep 1
2026-08-21 01:28:22   OK: q050 completado.
2026-08-21 01:28:22 LANZANDO: C:\Users\Laura\Desktop\TFG_Laura\venv\Scripts\python.exe launch_debate.py ../Dataset_Preguntas ./data --size 8B --mode heterogeneo --start 31 --limit 50 --rep 2
2026-08-21 02:02:16   OK: q050 completado.
2026-08-21 02:02:16 SKIP 8B/heterogeneo/rep3: ya tiene 50.
2026-08-21 02:02:16 LANZANDO: C:\Users\Laura\Desktop\TFG_Laura\venv\Scripts\python.exe launch_debate.py ../Dataset_Preguntas ./data --size 8B --mode homogeneo --start 31 --limit 50 --rep 1
2026-08-21 02:44:00   OK: q050 completado.
2026-08-21 02:44:00 LANZANDO: C:\Users\Laura\Desktop\TFG_Laura\venv\Scripts\python.exe launch_debate.py ../Dataset_Preguntas ./data --size 8B --mode homogeneo --start 31 --limit 50 --rep 2
2026-08-21 03:28:38   OK: q050 completado.
2026-08-21 03:28:38 LANZANDO: C:\Users\Laura\Desktop\TFG_Laura\venv\Scripts\python.exe launch_debate.py ../Dataset_Preguntas ./data --size 8B --mode homogeneo --start 31 --limit 50 --rep 3
2026-08-21 04:12:52   OK: q050 completado.
2026-08-21 04:12:52 LANZANDO: C:\Users\Laura\Desktop\TFG_Laura\venv\Scripts\python.exe launch_debate.py ../Dataset_Preguntas ./data --size 70B --mode heterogeneo --start 31 --limit 50 --rep 1
2026-08-21 12:39:25   OK: q050 completado.
2026-08-21 12:39:25 LANZANDO: C:\Users\Laura\Desktop\TFG_Laura\venv\Scripts\python.exe launch_debate.py ../Dataset_Preguntas ./data --size 70B --mode heterogeneo --start 31 --limit 50 --rep 2
2026-08-21 21:10:34   OK: q050 completado.
2026-08-21 21:10:34 LANZANDO: C:\Users\Laura\Desktop\TFG_Laura\venv\Scripts\python.exe launch_debate.py ../Dataset_Preguntas ./data --size 70B --mode heterogeneo --start 31 --limit 50 --rep 3
2026-08-22 05:44:18   OK: q050 completado.
2026-08-22 05:44:18 LANZANDO: C:\Users\Laura\Desktop\TFG_Laura\venv\Scripts\python.exe launch_debate.py ../Dataset_Preguntas ./data --size 70B --mode homogeneo --start 31 --limit 50 --rep 1
2026-08-22 08:05:54   OK: q050 completado.
2026-08-22 08:05:54 LANZANDO: C:\Users\Laura\Desktop\TFG_Laura\venv\Scripts\python.exe launch_debate.py ../Dataset_Preguntas ./data --size 70B --mode homogeneo --start 31 --limit 50 --rep 2
2026-08-22 10:26:59   OK: q050 completado.
2026-08-22 10:26:59 LANZANDO: C:\Users\Laura\Desktop\TFG_Laura\venv\Scripts\python.exe launch_debate.py ../Dataset_Preguntas ./data --size 70B --mode homogeneo --start 31 --limit 50 --rep 3
2026-08-22 12:49:25   OK: q050 completado.
2026-08-22 12:49:25 LANZANDO: C:\Users\Laura\Desktop\TFG_Laura\venv\Scripts\python.exe launch_single.py ../Dataset_Preguntas ./data --size 2B --start 31 --limit 50 --rep 1
2026-08-22 12:55:48   OK: q050 completado.
2026-08-22 12:55:48 LANZANDO: C:\Users\Laura\Desktop\TFG_Laura\venv\Scripts\python.exe launch_single.py ../Dataset_Preguntas ./data --size 2B --start 31 --limit 50 --rep 2
2026-08-22 13:01:45   OK: q050 completado.
2026-08-22 13:01:45 LANZANDO: C:\Users\Laura\Desktop\TFG_Laura\venv\Scripts\python.exe launch_single.py ../Dataset_Preguntas ./data --size 2B --start 31 --limit 50 --rep 3
2026-08-22 13:07:35   OK: q050 completado.
2026-08-22 13:07:35 LANZANDO: C:\Users\Laura\Desktop\TFG_Laura\venv\Scripts\python.exe launch_single.py ../Dataset_Preguntas ./data --size 8B --start 31 --limit 50 --rep 1
2026-08-22 13:13:44   OK: q050 completado.
2026-08-22 13:13:44 LANZANDO: C:\Users\Laura\Desktop\TFG_Laura\venv\Scripts\python.exe launch_single.py ../Dataset_Preguntas ./data --size 8B --start 31 --limit 50 --rep 2
2026-08-22 13:19:41   OK: q050 completado.
2026-08-22 13:19:41 LANZANDO: C:\Users\Laura\Desktop\TFG_Laura\venv\Scripts\python.exe launch_single.py ../Dataset_Preguntas ./data --size 8B --start 31 --limit 50 --rep 3
2026-08-22 13:25:36   OK: q050 completado.
2026-08-22 13:25:36 LANZANDO: C:\Users\Laura\Desktop\TFG_Laura\venv\Scripts\python.exe launch_single.py ../Dataset_Preguntas ./data --size 70B --start 31 --limit 50 --rep 1
2026-08-22 13:39:06   OK: q050 completado.
2026-08-22 13:39:06 LANZANDO: C:\Users\Laura\Desktop\TFG_Laura\venv\Scripts\python.exe launch_single.py ../Dataset_Preguntas ./data --size 70B --start 31 --limit 50 --rep 2
2026-08-22 13:52:38   OK: q050 completado.
2026-08-22 13:52:38 LANZANDO: C:\Users\Laura\Desktop\TFG_Laura\venv\Scripts\python.exe launch_single.py ../Dataset_Preguntas ./data --size 70B --start 31 --limit 50 --rep 3
2026-08-22 14:06:15   OK: q050 completado.
2026-08-22 14:06:15 === Cola de continuacion hasta 50 TERMINADA ===
